// Jest Snapshot v1, https://goo.gl/fbAQLP

exports[`Test case for testing login renders correctly 1`] = `
<View
  style={
    Object {
      "alignItems": "center",
      "backgroundColor": "#F4F1DE",
      "flex": 1,
      "justifyContent": "center",
    }
  }
>
  <View
    style={
      Object {
        "alignItems": "center",
        "marginBottom": 20,
        "marginTop": 10,
      }
    }
  />
  <View />
  <View
    style={
      Object {
        "alignItems": "center",
        "backgroundColor": "#FFFFFF",
        "borderBottomColor": "#F2CC8F",
        "borderBottomWidth": 1,
        "borderRadius": 30,
        "flexDirection": "row",
        "height": 45,
        "marginBottom": 20,
        "width": 250,
      }
    }
  >
    <TextInput
      allowFontScaling={true}
      id="emailInput"
      keyboardType="email-address"
      onChangeText={[Function]}
      placeholder="Email"
      rejectResponderTermination={true}
      style={
        Object {
          "borderBottomColor": "#F2CC8F",
          "flex": 1,
          "height": 45,
          "marginLeft": 16,
        }
      }
      underlineColorAndroid="transparent"
      value=""
    />
  </View>
  <View
    style={
      Object {
        "alignItems": "center",
        "backgroundColor": "#FFFFFF",
        "borderBottomColor": "#F2CC8F",
        "borderBottomWidth": 1,
        "borderRadius": 30,
        "flexDirection": "row",
        "height": 45,
        "marginBottom": 20,
        "width": 250,
      }
    }
  >
    <TextInput
      allowFontScaling={true}
      onChangeText={[Function]}
      placeholder="Password"
      rejectResponderTermination={true}
      secureTextEntry={true}
      style={
        Object {
          "borderBottomColor": "#F2CC8F",
          "flex": 1,
          "height": 45,
          "marginLeft": 16,
        }
      }
      underlineColorAndroid="transparent"
      value=""
    />
  </View>
  <View
    accessible={true}
    focusable={true}
    onClick={[Function]}
    onResponderGrant={[Function]}
    onResponderMove={[Function]}
    onResponderRelease={[Function]}
    onResponderTerminate={[Function]}
    onResponderTerminationRequest={[Function]}
    onStartShouldSetResponder={[Function]}
    style={
      Array [
        Object {
          "alignItems": "center",
          "borderRadius": 30,
          "flexDirection": "row",
          "height": 45,
          "justifyContent": "center",
          "marginBottom": 20,
          "width": 250,
        },
        Object {
          "backgroundColor": "#F18F01",
        },
      ]
    }
  >
    <Text
      style={
        Object {
          "color": "white",
        }
      }
    >
      Login
    </Text>
  </View>
  <View
    accessible={true}
    focusable={true}
    onClick={[Function]}
    onResponderGrant={[Function]}
    onResponderMove={[Function]}
    onResponderRelease={[Function]}
    onResponderTerminate={[Function]}
    onResponderTerminationRequest={[Function]}
    onStartShouldSetResponder={[Function]}
    style={
      Object {
        "alignItems": "center",
        "borderRadius": 30,
        "flexDirection": "row",
        "height": 45,
        "justifyContent": "center",
        "marginBottom": 20,
        "width": 250,
      }
    }
  >
    <Text>
      Forgot your password?
    </Text>
  </View>
  <View
    accessible={true}
    focusable={true}
    onClick={[Function]}
    onResponderGrant={[Function]}
    onResponderMove={[Function]}
    onResponderRelease={[Function]}
    onResponderTerminate={[Function]}
    onResponderTerminationRequest={[Function]}
    onStartShouldSetResponder={[Function]}
    style={
      Object {
        "alignItems": "center",
        "borderRadius": 30,
        "flexDirection": "row",
        "height": 45,
        "justifyContent": "center",
        "marginBottom": 20,
        "width": 250,
      }
    }
  >
    <Text>
      Register
    </Text>
  </View>
  <ActivityIndicator
    animating={true}
    color="#999999"
    hidesWhenStopped={true}
    size="large"
  />
</View>
`;
